Parsing completed successfully.

--- Abstract Syntax Tree ---
+-- ROOT
|   +-- FUNC_DEF: main (sym: main, id: 26)
|   |   +-- LIST: FParams
|   |   +-- LIST: Block
|   |   |   +-- VAR_DEF: a (sym: a, id: 27)
|   |   |   |   +-- CONST (int value: 5)
|   |   |   +-- RETURN_STMT: main (sym: main, id: 26)
|   |   |   |   +-- VAR (sym: a, id: 27)

--- Permanent Symbol Table ---
ID    Name                 Type            Data Type  Function             Shape     
-------------------------------------------------------------------------------------
0     getint               function        int        N/A                  N/A       
1     getch                function        int        N/A                  N/A       
2     getfloat             function        float      N/A                  N/A       
3     getarray             function        int        N/A                  N/A       
4     array                array           int        getarray             0
5     getfarray            function        int        N/A                  N/A       
6     array                array           float      getfarray            0
7     putint               function        void       N/A                  N/A       
8     value                var             int        putint               N/A       
9     putch                function        void       N/A                  N/A       
10    value                var             int        putch                N/A       
11    putfloat             function        void       N/A                  N/A       
12    value                var             float      putfloat             N/A       
13    putarray             function        void       N/A                  N/A       
14    len                  var             int        putarray             N/A       
15    array                array           int        putarray             0
16    putfarray            function        void       N/A                  N/A       
17    len                  var             int        putfarray            N/A       
18    array                array           float      putfarray            0
19    putf                 function        void       N/A                  N/A       
20    format_string        var             char       putf                 N/A       
21    value                var             int        putf                 N/A       
22    _sysy_starttime      function        void       N/A                  N/A       
23    line                 var             int        _sysy_starttime      N/A       
24    _sysy_stoptime       function        void       N/A                  N/A       
25    line                 var             int        _sysy_stoptime       N/A       
26    main                 function        int        N/A                  N/A       
27    a                    var             int        main                 N/A       
-------------------------------------------------------------------------------------

--- Generated IR ---
; ModuleID = 'main'

define i32 @main() {
main.entry:
  %a.27 = alloca i32
  store i32 5, i32* %a.27
  %0 = load i32, i32* %a.27
  ret i32 %0
}


